---
source: src/rules/inject_libraries.rs
expression: rule
---
"inject_libraries"
